[docs.lavasoftware.org/lava/index.html]
[backblue.gif]
[fade.gif]
[index.html]
[docs.lavasoftware.org/lava/_static/bootstrap-sphinx.css]
[docs.lavasoftware.org/lava/_static/pygments.css]
[docs.lavasoftware.org/lava/_static/documentation_options.js]
[docs.lavasoftware.org/lava/_static/underscore.js]
[docs.lavasoftware.org/lava/_static/doctools.js]
[docs.lavasoftware.org/lava/_static/language_data.js]
[docs.lavasoftware.org/lava/_static/jquery.js]
[docs.lavasoftware.org/lava/_static/js/jquery-fix.js]
[docs.lavasoftware.org/lava/_static/bootstrap-sphinx.js]
[docs.lavasoftware.org/lava/_static/bootstrap-3.3.7/js/bootstrap.min.js]
[docs.lavasoftware.org/lava/_static/favicon.ico]
[docs.lavasoftware.org/lava/genindex.html]
[docs.lavasoftware.org/lava/search.html]
[docs.lavasoftware.org/lava/_static/js/jquery-1.11.0.min.js]
[docs.lavasoftware.org/lava/contents.html]
[docs.lavasoftware.org/lava/_static/lava.png]
[docs.lavasoftware.org/lava/glossary.html]
[docs.lavasoftware.org/lava/support.html]
[docs.lavasoftware.org/lava/lava_ci.html]
[docs.lavasoftware.org/lava/standard-test-jobs.html]
[docs.lavasoftware.org/lava/simple-admin.html]
[docs.lavasoftware.org/lava/first-job.html]
[docs.lavasoftware.org/lava/advanced-installation.html]
[docs.lavasoftware.org/lava/first-devices.html]
[docs.lavasoftware.org/lava/index.html]
[docs.lavasoftware.org/lava/multinode.html]
[docs.lavasoftware.org/lava/_static/basic.css]
[docs.lavasoftware.org/lava/_static/bootstrap-3.3.7/css/bootstrap.min.css]
[docs.lavasoftware.org/lava/_static/bootstrap-sphinx.css]
[docs.lavasoftware.org/lava/_static/pygments.css]
[docs.lavasoftware.org/lava/admin-backups.html]
[docs.lavasoftware.org/lava/_static/bootstrap-3.3.7/css/bootstrap-theme.min.css]
[docs.lavasoftware.org/lava/admin-lxc-deploy.html]
[docs.lavasoftware.org/lava/pipeline-debug.html]
[docs.lavasoftware.org/lava/pipeline-admin.html]
[docs.lavasoftware.org/lava/first_steps.html]
[docs.lavasoftware.org/lava/installing_on_debian.html]
[docs.lavasoftware.org/lava/authorization.html]
[docs.lavasoftware.org/lava/actions-boot.html]
[docs.lavasoftware.org/lava/developing-tests.html]
[docs.lavasoftware.org/lava/writing-tests.html]
[docs.lavasoftware.org/lava/debugging.html]
[docs.lavasoftware.org/lava/bootloaders.html]
[docs.lavasoftware.org/lava/development.html]
[docs.lavasoftware.org/lava/development-intro.html]
[docs.lavasoftware.org/lava/first-installation.html]
[docs.lavasoftware.org/lava/timeouts.html]
[docs.lavasoftware.org/lava/device-capabilities.html]
[docs.lavasoftware.org/lava/contribution.html]
[docs.lavasoftware.org/lava/custom-result-handling.html]
[docs.lavasoftware.org/lava/code-of-conduct.html]
[docs.lavasoftware.org/lava/connections.html]
[docs.lavasoftware.org/lava/contribution-intro.html]
[docs.lavasoftware.org/lava/debian.html]
[docs.lavasoftware.org/lava/actions-deploy.html]
[docs.lavasoftware.org/lava/pipeline-writer-secondary.html]
[docs.lavasoftware.org/lava/deploy-lxc.html]
[docs.lavasoftware.org/lava/dispatcher-testing.html]
[docs.lavasoftware.org/lava/dispatcher-design.html]
[docs.lavasoftware.org/lava/dispatcher-format.html]
[docs.lavasoftware.org/lava/review-criteria.html]
[docs.lavasoftware.org/lava/developer-example.html]
[docs.lavasoftware.org/lava/process.html]
[docs.lavasoftware.org/lava/lava-scheduler-device-help.html]
[docs.lavasoftware.org/lava/lava-scheduler-device-dictionary.html]
[docs.lavasoftware.org/lava/integrate-fastboot.html]
[docs.lavasoftware.org/lava/integration-stories.html]
[docs.lavasoftware.org/lava/integrate-iot.html]
[docs.lavasoftware.org/lava/integrate-uboot.html]
[docs.lavasoftware.org/lava/integrate-uefi.html]
[docs.lavasoftware.org/lava/devicetypes.html]
[docs.lavasoftware.org/lava/docker-admin.html]
[docs.lavasoftware.org/lava/lava-scheduler-device-type-help.html]
[docs.lavasoftware.org/lava/data-export.html]
[docs.lavasoftware.org/lava/explain_first_job.html]
[docs.lavasoftware.org/lava/qemu_options.html]
[docs.lavasoftware.org/lava/functional_tests.html]
[docs.lavasoftware.org/lava/fvp.html]
[docs.lavasoftware.org/lava/templating.html]
[docs.lavasoftware.org/lava/growing_your_lab.html]
[docs.lavasoftware.org/lava/gold-standards.html]
[docs.lavasoftware.org/lava/scheduler.html]
[docs.lavasoftware.org/lava/healthchecks.html]
[docs.lavasoftware.org/lava/pipeline-schema.html]
[docs.lavasoftware.org/lava/hiddentypes.html]
[docs.lavasoftware.org/lava/multinodeapi.html]
[docs.lavasoftware.org/lava/lava_test_shell.html]
[docs.lavasoftware.org/lava/lavacli.html]
[docs.lavasoftware.org/lava/results-intro.html]
[docs.lavasoftware.org/lava/actions-protocols.html]
[docs.lavasoftware.org/lava/migrating-admin-example.html]
[docs.lavasoftware.org/lava/writing-multinode.html]
[docs.lavasoftware.org/lava/migration.html]
[docs.lavasoftware.org/lava/naming-conventions.html]
[docs.lavasoftware.org/lava/vland-admin.html]
[docs.lavasoftware.org/lava/user-notifications.html]
[docs.lavasoftware.org/lava/packaging.html]
[docs.lavasoftware.org/lava/pipeline-design.html]
[docs.lavasoftware.org/lava/publishing-artifacts.html]
[docs.lavasoftware.org/lava/secondary-media.html]
[docs.lavasoftware.org/lava/standard-qemu-kernel.html]
[docs.lavasoftware.org/lava/lava-queries-charts.html]
[docs.lavasoftware.org/lava/pipeline-writer-vmgroups.html]
[docs.lavasoftware.org/lava/relating.html]
[docs.lavasoftware.org/lava/admin-secondary-media.html]
[docs.lavasoftware.org/lava/standard-armmp-ramdisk-bbb.html]
[docs.lavasoftware.org/lava/standard-qemu-stretch.html]
[docs.lavasoftware.org/lava/tables.html]
[docs.lavasoftware.org/lava/actions-test.html]
[docs.lavasoftware.org/lava/test-repositories.html]
[docs.lavasoftware.org/lava/authentication.html]
[docs.lavasoftware.org/lava/pipeline-writer.html]
[docs.lavasoftware.org/lava/pipeline-server.html]
[docs.lavasoftware.org/lava/vland.html]
[docs.lavasoftware.org/lava/genindex.html]
[docs.lavasoftware.org/lava/monitors.html]
[docs.lavasoftware.org/lava/interactive.html]
[docs.lavasoftware.org/lava/_static/searchtools.js]
[docs.lavasoftware.org/lava/search.html]
[docs.lavasoftware.org/lava/hacking-session.html]
[docs.lavasoftware.org/lava/dispatcher-actions.html]
[docs.lavasoftware.org/lava/searchindex.js]
[docs.lavasoftware.org/lava/pipeline-usecases.html]
[docs.lavasoftware.org/lava/bootimages.html]
[docs.lavasoftware.org/lava/pdudaemon.html]
[docs.lavasoftware.org/lava/ipmi-pxe-deploy.html]
[docs.lavasoftware.org/lava/ipxe.html]
[docs.lavasoftware.org/lava/contents.html]
[docs.lavasoftware.org/lava/glossary.html]
[docs.lavasoftware.org/lava/support.html]
[docs.lavasoftware.org/lava/other.html]
[docs.lavasoftware.org/lava/proxy.html]
[docs.lavasoftware.org/lava/_images/lava.svg]
[docs.lavasoftware.org/lava/lava_ci.html]
[docs.lavasoftware.org/lava/_images/arch-overview.svg]
[docs.lavasoftware.org/lava/simple-admin.html]
[docs.lavasoftware.org/lava/standard-test-jobs.html]
[docs.lavasoftware.org/lava/advanced-installation.html]
[docs.lavasoftware.org/lava/lava-scheduler-job.html]
[docs.lavasoftware.org/lava/_images/first-job-submitted.png]
[docs.lavasoftware.org/lava/_images/first-results.png]
[docs.lavasoftware.org/lava/_images/job-submission-screen.png]
[docs.lavasoftware.org/lava/first-job.html]
[docs.lavasoftware.org/lava/_images/profile-menu.png]
[docs.lavasoftware.org/lava/first-devices.html]
[docs.lavasoftware.org/lava/multinode.html]
[docs.lavasoftware.org/lava/_static/file.png]
[docs.lavasoftware.org/lava/_static/basic.css]
[docs.lavasoftware.org/lava/_static/bootstrap-3.3.7/fonts/glyphicons-halflings-regular.eot]
[docs.lavasoftware.org/lava/_static/bootstrap-3.3.7/fonts/glyphicons-halflings-regulard41d.eot]
[docs.lavasoftware.org/lava/_static/bootstrap-3.3.7/fonts/glyphicons-halflings-regular.woff2]
[docs.lavasoftware.org/lava/_static/bootstrap-3.3.7/fonts/glyphicons-halflings-regular.woff]
[docs.lavasoftware.org/lava/_static/bootstrap-3.3.7/fonts/glyphicons-halflings-regular.ttf]
[docs.lavasoftware.org/lava/_static/bootstrap-3.3.7/css/bootstrap.min.css]
[docs.lavasoftware.org/lava/_static/bootstrap-3.3.7/css/bootstrap-theme.min.css]
[docs.lavasoftware.org/lava/admin-backups.html]
[docs.lavasoftware.org/lava/admin-lxc-deploy.html]
[docs.lavasoftware.org/lava/pipeline-debug.html]
[docs.lavasoftware.org/lava/pipeline-admin.html]
[docs.lavasoftware.org/lava/installing_on_debian.html]
[docs.lavasoftware.org/lava/_images/local-user-login.png]
[docs.lavasoftware.org/lava/_images/ldap-user-login.png]
[docs.lavasoftware.org/lava/_images/lava-scheduler-page.png]
[docs.lavasoftware.org/lava/_images/authentication-tokens-page.png]
[docs.lavasoftware.org/lava/_images/create-new-authentication-token.png]
[docs.lavasoftware.org/lava/_images/sample-token-page.png]
[docs.lavasoftware.org/lava/_images/token-display-page.png]
[docs.lavasoftware.org/lava/first_steps.html]
[docs.lavasoftware.org/lava/_images/device-type-decision-tree.png]
[docs.lavasoftware.org/lava/_images/device-decision-tree.png]
[docs.lavasoftware.org/lava/_images/test-job-decision-tree.png]
[docs.lavasoftware.org/lava/authorization.html]
[docs.lavasoftware.org/lava/actions-boot.html]
[docs.lavasoftware.org/lava/developing-tests.html]
[docs.lavasoftware.org/lava/writing-tests.html]
[docs.lavasoftware.org/lava/development.html]
[docs.lavasoftware.org/lava/debugging.html]
[docs.lavasoftware.org/lava/bootloaders.html]
[docs.lavasoftware.org/lava/development-intro.html]
[docs.lavasoftware.org/lava/first-installation.html]
[docs.lavasoftware.org/lava/timeouts.html]
[docs.lavasoftware.org/lava/device-capabilities.html]
[docs.lavasoftware.org/lava/custom-result-handling.html]
[docs.lavasoftware.org/lava/contribution.html]
[docs.lavasoftware.org/lava/code-of-conduct.html]
[docs.lavasoftware.org/lava/connections.html]
[docs.lavasoftware.org/lava/contribution-intro.html]
[docs.lavasoftware.org/lava/debian.html]
[docs.lavasoftware.org/lava/actions-deploy.html]
[docs.lavasoftware.org/lava/pipeline-writer-secondary.html]
[docs.lavasoftware.org/lava/actions-repeats.html]
[docs.lavasoftware.org/lava/deploy-lxc.html]
[docs.lavasoftware.org/lava/dispatcher-testing.html]
[docs.lavasoftware.org/lava/dispatcher-design.html]
[docs.lavasoftware.org/lava/dispatcher-format.html]
[docs.lavasoftware.org/lava/review-criteria.html]
[docs.lavasoftware.org/lava/developer-example.html]
[docs.lavasoftware.org/lava/process.html]
[docs.lavasoftware.org/lava/lava-scheduler-device-help.html]
[docs.lavasoftware.org/lava/lava-scheduler.html]
[docs.lavasoftware.org/lava/lava-scheduler-device-dictionary.html]
[docs.lavasoftware.org/lava/integrate-fastboot.html]
[docs.lavasoftware.org/lava/integration-stories.html]
[docs.lavasoftware.org/lava/integrate-iot.html]
[docs.lavasoftware.org/lava/integrate-uboot.html]
[docs.lavasoftware.org/lava/integrate-uefi.html]
[docs.lavasoftware.org/lava/devicetypes.html]
[docs.lavasoftware.org/lava/lava-scheduler-device-type-help.html]
[docs.lavasoftware.org/lava/docker-admin.html]
[docs.lavasoftware.org/lava/lava-scheduler-submit-job.html]
[docs.lavasoftware.org/lava/device-integration.html]
[docs.lavasoftware.org/lava/examples/source/zmq_client.py]
[docs.lavasoftware.org/lava/data-export.html]
[docs.lavasoftware.org/lava/explain_first_job.html]
[docs.lavasoftware.org/lava/qemu_options.html]
[docs.lavasoftware.org/lava/fvp.html]
[docs.lavasoftware.org/lava/functional_tests.html]
[docs.lavasoftware.org/lava/examples/templates/templating.py]
[docs.lavasoftware.org/lava/templating.html]
[docs.lavasoftware.org/lava/growing_your_lab.html]
[docs.lavasoftware.org/lava/gold-standards.html]
[docs.lavasoftware.org/lava/scheduler.html]
[docs.lavasoftware.org/lava/healthchecks.html]
[docs.lavasoftware.org/lava/hiddentypes.html]
[docs.lavasoftware.org/lava/actions-timeout.html]
[docs.lavasoftware.org/lava/pipeline-schema.html]
[docs.lavasoftware.org/lava/lava_test_shell.html]
[docs.lavasoftware.org/lava/multinodeapi.html]
[docs.lavasoftware.org/lava/lavacli.html]
[docs.lavasoftware.org/lava/results-intro.html]
[docs.lavasoftware.org/lava/actions-protocols.html]
[docs.lavasoftware.org/lava/migrating-admin-example.html]
[docs.lavasoftware.org/lava/migration.html]
[docs.lavasoftware.org/lava/writing-multinode.html]
[docs.lavasoftware.org/lava/naming-conventions.html]
[docs.lavasoftware.org/lava/vland-admin.html]
[docs.lavasoftware.org/lava/user-notifications.html]
[docs.lavasoftware.org/lava/packaging.html]
[docs.lavasoftware.org/lava/pipeline-design.html]
[docs.lavasoftware.org/lava/secondary-media.html]
[docs.lavasoftware.org/lava/publishing-artifacts.html]
[docs.lavasoftware.org/lava/standard-qemu-kernel.html]
[docs.lavasoftware.org/lava/examples/source/query-results.py]
[docs.lavasoftware.org/lava/_images/chart-details-page.png]
[docs.lavasoftware.org/lava/_images/chart-add-query.png]
[docs.lavasoftware.org/lava/lava-queries-charts.html]
[docs.lavasoftware.org/lava/pipeline-writer-vmgroups.html]
[docs.lavasoftware.org/lava/relating.html]
[docs.lavasoftware.org/lava/admin-secondary-media.html]
[docs.lavasoftware.org/lava/standard-armmp-ramdisk-bbb.html]
[docs.lavasoftware.org/lava/standard-qemu-stretch.html]
[docs.lavasoftware.org/lava/tables.html]
[docs.lavasoftware.org/lava/actions-command.html]
[docs.lavasoftware.org/lava/actions-test.html]
[docs.lavasoftware.org/lava/test-repositories.html]
[docs.lavasoftware.org/lava/pipeline-writer.html]
[docs.lavasoftware.org/lava/authentication.html]
[docs.lavasoftware.org/lava/vland.html]
[docs.lavasoftware.org/lava/pipeline-server.html]
[docs.lavasoftware.org/lava/interactive.html]
[docs.lavasoftware.org/lava/monitors.html]
[docs.lavasoftware.org/lava/hacking-session.html]
[docs.lavasoftware.org/lava/dispatcher-actions.html]
[docs.lavasoftware.org/lava/pipeline-usecases.html]
[docs.lavasoftware.org/lava/bootimages.html]
[docs.lavasoftware.org/lava/pdudaemon.html]
[docs.lavasoftware.org/lava/_images/pxe_machines.png]
[docs.lavasoftware.org/lava/_images/ipmi_pxe_lava_sequence.png]
[docs.lavasoftware.org/lava/ipmi-pxe-deploy.html]
[docs.lavasoftware.org/lava/ipxe.html]
[docs.lavasoftware.org/lava/proxy.html]
[docs.lavasoftware.org/lava/other.html]
[docs.lavasoftware.org/lava/_images/lava.html]
[docs.lavasoftware.org/lava/_images/LAVA-CI.svg]
[docs.lavasoftware.org/home/steve/linaro/lava/lava/lava-server.git/doc/v2/images/arch-overview.html]
[docs.lavasoftware.org/lava/lava-scheduler-job.html]
[docs.lavasoftware.org/lava/examples/test-jobs/qemu-pipeline-first-job.html]
[docs.lavasoftware.org/lava/_static/bootstrap-3.3.7/fonts/glyphicons-halflings-regular.svg]
[docs.lavasoftware.org/lava/_images/lava-scheduler-page.png]
[docs.lavasoftware.org/lava/examples/test-jobs/mustang-grub-efi.html]
[docs.lavasoftware.org/lava/examples/test-jobs/inline-test-definition-example.html]
[docs.lavasoftware.org/lava/examples/test-jobs/hi6220-hikey-bl.html]
[docs.lavasoftware.org/lava/examples/test-jobs/juno-recovery.html]
[docs.lavasoftware.org/lava/examples/test-jobs/x15-recovery.html]
[docs.lavasoftware.org/lava/_images/ci-loop.svg]
[docs.lavasoftware.org/lava/examples/test-jobs/namespace-connections-example1.html]
[docs.lavasoftware.org/lava/examples/test-jobs/bbb-2serial.html]
[docs.lavasoftware.org/lava/extra_serial_ports_modify_test_image.html]
[docs.lavasoftware.org/lava/examples/test-jobs/multiple-serial-ports-lxc.html]
[docs.lavasoftware.org/lava/actions-repeats.html]
[docs.lavasoftware.org/lava/_images/lxc-standalone.svg]
[docs.lavasoftware.org/lava/_images/lxc.svg]
[docs.lavasoftware.org/lava/lava-scheduler.html]
[docs.lavasoftware.org/lava/lava-scheduler-submit-job.html]
[docs.lavasoftware.org/lava/device-integration.html]
[docs.lavasoftware.org/lava/examples/source/fvp/Dockerfile.html]
[docs.lavasoftware.org/lava/examples/templates/content.html]
[docs.lavasoftware.org/lava/examples/templates/details.html]
[docs.lavasoftware.org/lava/_images/simple-lab.svg]
[docs.lavasoftware.org/lava/_images/worker-lab.svg]
[docs.lavasoftware.org/lava/_images/micro-instance-lab.svg]
[docs.lavasoftware.org/lava/actions-timeout.html]
[docs.lavasoftware.org/lava/examples/test-definitions/params.html]
[docs.lavasoftware.org/lava/examples/test-jobs/qemu-stretch-params.html]
[docs.lavasoftware.org/lava/examples/test-jobs/first-multinode-job.html]
[docs.lavasoftware.org/lava/examples/test-jobs/second-multinode-job.html]
[docs.lavasoftware.org/lava/examples/test-jobs/bbb-lxc-ssh-guest.html]
[docs.lavasoftware.org/lava/examples/test-jobs/qemu-kernel-standard-sid.html]
[docs.lavasoftware.org/lava/examples/test-jobs/mustang-ssh-guest.html]
[docs.lavasoftware.org/lava/examples/test-jobs/standard-armmp-ramdisk-panda.html]
[docs.lavasoftware.org/lava/examples/test-jobs/standard-armmp-nfs-panda.html]
[docs.lavasoftware.org/lava/examples/test-jobs/standard-armmp-ramdisk-arndale.html]
[docs.lavasoftware.org/lava/examples/test-jobs/standard-armmp-ramdisk-cubietruck.html]
[docs.lavasoftware.org/lava/examples/test-jobs/standard-armmp-nfs-cubietruck.html]
[docs.lavasoftware.org/lava/examples/test-jobs/standard-armmp-ramdisk-bbb.html]
[docs.lavasoftware.org/lava/examples/test-jobs/standard-armmp-nfs-bbb.html]
[docs.lavasoftware.org/lava/examples/test-jobs/qemu-amd64-standard-stretch.html]
[docs.lavasoftware.org/lava/actions-command.html]
[docs.lavasoftware.org/lava/examples/test-jobs/bbb-uboot-interactive.html]
[docs.lavasoftware.org/lava/examples/test-jobs/frdm-kw41z-zephyr.html]
[docs.lavasoftware.org/lava/_images/lava-scheduler-page.png]
[docs.lavasoftware.org/lava/_images/frontend-lab.svg]
[docs.lavasoftware.org/lava/_images/lava-scheduler-page.png]
